// Jest Snapshot v1, https://goo.gl/fbAQLP

exports[`empty rendering 1`] = `<div />`;
